// Jest Snapshot v1, https://goo.gl/fbAQLP

exports[`should render expense data 1`] = `
<Link
  className="list-item"
  replace={false}
  to="/edit/1"
>
  <div>
    <h4
      className="list-item__title"
    >
      rent
    </h4>
    <span
      className="list-item__subtitle"
    >
      Jan 1st, 1970. 5:30 AM
    </span>
  </div>
  <h4
    className="list-item__data"
  >
    â‚¹15,000.00
  </h4>
</Link>
`;
