// Jest Snapshot v1, https://goo.gl/fbAQLP

exports[`should render Header correctly 1`] = `
<header>
  <h2>
    Expensify
  </h2>
  <NavLink
    activeClassName="is-active"
    aria-current="page"
    to="/dashboard"
  >
    Dashboard
  </NavLink>
  <NavLink
    activeClassName="is-active"
    aria-current="page"
    to="/create"
  >
    Create Page
  </NavLink>
  <button
    onClick={[Function]}
  >
    Logout
  </button>
</header>
`;
