// Jest Snapshot v1, https://goo.gl/fbAQLP

exports[`should render login page 1`] = `
<div>
  <h2>
    Login Page
  </h2>
  <button>
    Login
  </button>
</div>
`;
