// Jest Snapshot v1, https://goo.gl/fbAQLP

exports[`should render not found page 1`] = `
<div>
  <h1>
    404 Error! Not Found
  </h1>
</div>
`;
